// 重构日志: d0f0f130
// 重构日志: c58a882c
// 重构日志: 9d59cc67
// 重构日志: c4af4e97
// 重构日志: 7c6d3af5
// 重构日志: b3d95ba0
// 同步 ID: c10e9e98 @ Wed Jul 22 07:03:22 UTC 2026
// 同步 ID: 58220220 @ Wed Jul 22 10:06:16 UTC 2026
// 重构日志: ebe0178b
// 同步 ID: a1d2d2a1 @ Fri Jul 24 00:53:10 UTC 2026
// 重构日志: 4618eed8
// 同步 ID: 1e29be38 @ Fri Jul 24 12:47:39 UTC 2026
// 重构日志: 3591bf85
// 同步 ID: a4567104 @ Sat Jul 25 06:39:55 UTC 2026
// 重构日志: 98dbf857
// 重构日志: 9f084b83
// 重构日志: 6d3a03ab
// 同步 ID: 7c0547c8 @ Tue Jul 28 07:27:49 UTC 2026
// 重构日志: 7cb67a8d
// 重构日志: b1a88b2d
// 同步 ID: 04570c13 @ Wed Jul 29 08:06:48 UTC 2026
// 重构日志: cb97a2b2
// 重构日志: 59b7dfb8
// 同步 ID: cdda9991 @ Thu Jul 30 04:28:39 UTC 2026
// 重构日志: 95e08a21
// 重构日志: 27b10fc9
// 同步 ID: 80c16608 @ Fri Jul 31 05:04:25 UTC 2026
// 重构日志: bcbbdc31
// 同步 ID: 2304cbbf @ Fri Jul 31 20:05:12 UTC 2026
// 同步 ID: bbb0fe8e @ Sat Aug  1 01:15:55 UTC 2026
